{
  "output": "/home/opencode/ai/oc/evidence/tui/recovery-v00/prompt-paste20260927-02/repeat-nav-120",
  "exit_code": 1,
  "attempts": [
    {
      "scenario": "leader-repeat-chip-normal",
      "mode": "grid",
      "status": "DIFFERENT",
      "exit_code": 1
    },
    {
      "scenario": "leader-repeat-chip-normal",
      "mode": "png",
      "status": "DIFFERENT",
      "exit_code": 1
    },
    {
      "scenario": "leader-repeat-expanded",
      "mode": "grid",
      "status": "DIFFERENT",
      "exit_code": 1
    },
    {
      "scenario": "leader-repeat-expanded",
      "mode": "png",
      "status": "DIFFERENT",
      "exit_code": 1
    },
    {
      "scenario": "leader-visual-up-1",
      "mode": "grid",
      "status": "DIFFERENT",
      "exit_code": 1
    },
    {
      "scenario": "leader-visual-up-1",
      "mode": "png",
      "status": "DIFFERENT",
      "exit_code": 1
    },
    {
      "scenario": "leader-visual-up-2",
      "mode": "grid",
      "status": "DIFFERENT",
      "exit_code": 1
    },
    {
      "scenario": "leader-visual-up-2",
      "mode": "png",
      "status": "DIFFERENT",
      "exit_code": 1
    },
    {
      "scenario": "leader-visual-up-3",
      "mode": "grid",
      "status": "DIFFERENT",
      "exit_code": 1
    },
    {
      "scenario": "leader-visual-up-3",
      "mode": "png",
      "status": "DIFFERENT",
      "exit_code": 1
    },
    {
      "scenario": "leader-visual-down-1",
      "mode": "grid",
      "status": "DIFFERENT",
      "exit_code": 1
    },
    {
      "scenario": "leader-visual-down-1",
      "mode": "png",
      "status": "DIFFERENT",
      "exit_code": 1
    },
    {
      "scenario": "leader-visual-down-2",
      "mode": "grid",
      "status": "DIFFERENT",
      "exit_code": 1
    },
    {
      "scenario": "leader-visual-down-2",
      "mode": "png",
      "status": "DIFFERENT",
      "exit_code": 1
    },
    {
      "scenario": "leader-visual-down-3",
      "mode": "grid",
      "status": "DIFFERENT",
      "exit_code": 1
    },
    {
      "scenario": "leader-visual-down-3",
      "mode": "png",
      "status": "DIFFERENT",
      "exit_code": 1
    },
    {
      "scenario": "leader-repeat-enter-pending",
      "mode": "grid",
      "status": "DIFFERENT",
      "exit_code": 1
    },
    {
      "scenario": "leader-repeat-enter-pending",
      "mode": "png",
      "status": "DIFFERENT",
      "exit_code": 1
    },
    {
      "scenario": "leader-repeat-enter-next",
      "mode": "grid",
      "status": "DIFFERENT",
      "exit_code": 1
    },
    {
      "scenario": "leader-repeat-enter-next",
      "mode": "png",
      "status": "DIFFERENT",
      "exit_code": 1
    },
    {
      "scenario": "leader-repeat-enter-restored",
      "mode": "grid",
      "status": "DIFFERENT",
      "exit_code": 1
    },
    {
      "scenario": "leader-repeat-enter-restored",
      "mode": "png",
      "status": "DIFFERENT",
      "exit_code": 1
    }
  ]
}
