{
  "output": "/home/opencode/ai/oc/evidence/tui/recovery-v00/prompt-paste20260927-03/extra-120",
  "exit_code": 1,
  "attempts": [
    {
      "scenario": "leader-normal",
      "mode": "grid",
      "status": "DIFFERENT",
      "exit_code": 1
    },
    {
      "scenario": "leader-normal",
      "mode": "png",
      "status": "DIFFERENT",
      "exit_code": 1
    },
    {
      "scenario": "leader-extra-left-pending",
      "mode": "grid",
      "status": "DIFFERENT",
      "exit_code": 1
    },
    {
      "scenario": "leader-extra-left-pending",
      "mode": "png",
      "status": "DIFFERENT",
      "exit_code": 1
    },
    {
      "scenario": "leader-extra-left-next",
      "mode": "grid",
      "status": "DIFFERENT",
      "exit_code": 1
    },
    {
      "scenario": "leader-extra-left-next",
      "mode": "png",
      "status": "DIFFERENT",
      "exit_code": 1
    },
    {
      "scenario": "leader-extra-left-restored",
      "mode": "grid",
      "status": "DIFFERENT",
      "exit_code": 1
    },
    {
      "scenario": "leader-extra-left-restored",
      "mode": "png",
      "status": "DIFFERENT",
      "exit_code": 1
    },
    {
      "scenario": "leader-extra-right-pending",
      "mode": "grid",
      "status": "DIFFERENT",
      "exit_code": 1
    },
    {
      "scenario": "leader-extra-right-pending",
      "mode": "png",
      "status": "DIFFERENT",
      "exit_code": 1
    },
    {
      "scenario": "leader-extra-right-next",
      "mode": "grid",
      "status": "DIFFERENT",
      "exit_code": 1
    },
    {
      "scenario": "leader-extra-right-next",
      "mode": "png",
      "status": "DIFFERENT",
      "exit_code": 1
    },
    {
      "scenario": "leader-extra-right-restored",
      "mode": "grid",
      "status": "DIFFERENT",
      "exit_code": 1
    },
    {
      "scenario": "leader-extra-right-restored",
      "mode": "png",
      "status": "DIFFERENT",
      "exit_code": 1
    },
    {
      "scenario": "leader-extra-modal-normal",
      "mode": "grid",
      "status": "DIFFERENT",
      "exit_code": 1
    },
    {
      "scenario": "leader-extra-modal-normal",
      "mode": "png",
      "status": "DIFFERENT",
      "exit_code": 1
    },
    {
      "scenario": "leader-extra-modal-filtered",
      "mode": "grid",
      "status": "DIFFERENT",
      "exit_code": 1
    },
    {
      "scenario": "leader-extra-modal-filtered",
      "mode": "png",
      "status": "DIFFERENT",
      "exit_code": 1
    },
    {
      "scenario": "leader-extra-modal-pending",
      "mode": "grid",
      "status": "DIFFERENT",
      "exit_code": 1
    },
    {
      "scenario": "leader-extra-modal-pending",
      "mode": "png",
      "status": "DIFFERENT",
      "exit_code": 1
    },
    {
      "scenario": "leader-extra-modal-expired",
      "mode": "grid",
      "status": "DIFFERENT",
      "exit_code": 1
    },
    {
      "scenario": "leader-extra-modal-expired",
      "mode": "png",
      "status": "DIFFERENT",
      "exit_code": 1
    },
    {
      "scenario": "leader-extra-modal-restored",
      "mode": "grid",
      "status": "DIFFERENT",
      "exit_code": 1
    },
    {
      "scenario": "leader-extra-modal-restored",
      "mode": "png",
      "status": "DIFFERENT",
      "exit_code": 1
    },
    {
      "scenario": "leader-extra-ctrlc-pending",
      "mode": "grid",
      "status": "DIFFERENT",
      "exit_code": 1
    },
    {
      "scenario": "leader-extra-ctrlc-pending",
      "mode": "png",
      "status": "DIFFERENT",
      "exit_code": 1
    },
    {
      "scenario": "leader-extra-ctrlc-next",
      "mode": "grid",
      "status": "DIFFERENT",
      "exit_code": 1
    },
    {
      "scenario": "leader-extra-ctrlc-next",
      "mode": "png",
      "status": "DIFFERENT",
      "exit_code": 1
    },
    {
      "scenario": "leader-extra-ctrlc-restored",
      "mode": "grid",
      "status": "DIFFERENT",
      "exit_code": 1
    },
    {
      "scenario": "leader-extra-ctrlc-restored",
      "mode": "png",
      "status": "DIFFERENT",
      "exit_code": 1
    },
    {
      "scenario": "leader-extra-enter-pending",
      "mode": "grid",
      "status": "DIFFERENT",
      "exit_code": 1
    },
    {
      "scenario": "leader-extra-enter-pending",
      "mode": "png",
      "status": "DIFFERENT",
      "exit_code": 1
    },
    {
      "scenario": "leader-extra-enter-next",
      "mode": "grid",
      "status": "DIFFERENT",
      "exit_code": 1
    },
    {
      "scenario": "leader-extra-enter-next",
      "mode": "png",
      "status": "DIFFERENT",
      "exit_code": 1
    },
    {
      "scenario": "leader-extra-enter-restored",
      "mode": "grid",
      "status": "DIFFERENT",
      "exit_code": 1
    },
    {
      "scenario": "leader-extra-enter-restored",
      "mode": "png",
      "status": "DIFFERENT",
      "exit_code": 1
    }
  ]
}
