{
  "output": "/home/opencode/ai/oc/evidence/tui/recovery-v00/permission20260927-14",
  "exit_code": 1,
  "attempts": [
    {
      "scenario": "permission-home",
      "mode": "grid",
      "status": "DIFFERENT",
      "exit_code": 1
    },
    {
      "scenario": "permission-home",
      "mode": "png",
      "status": "DIFFERENT",
      "exit_code": 1
    },
    {
      "scenario": "permission-auto-once-completed",
      "mode": "grid",
      "status": "DIFFERENT",
      "exit_code": 1
    },
    {
      "scenario": "permission-auto-once-completed",
      "mode": "png",
      "status": "DIFFERENT",
      "exit_code": 1
    },
    {
      "scenario": "permission-auto-shell-completed",
      "mode": "grid",
      "status": "DIFFERENT",
      "exit_code": 1
    },
    {
      "scenario": "permission-auto-shell-completed",
      "mode": "png",
      "status": "DIFFERENT",
      "exit_code": 1
    },
    {
      "scenario": "permission-auto-mixed-completed",
      "mode": "grid",
      "status": "DIFFERENT",
      "exit_code": 1
    },
    {
      "scenario": "permission-auto-mixed-completed",
      "mode": "png",
      "status": "DIFFERENT",
      "exit_code": 1
    }
  ]
}
