   Compiling oc-tui v0.1.0 (/home/opencode/ai/oc/crates/oc-tui)
    Finished `test` profile [unoptimized + debuginfo] target(s) in 8.89s
     Running unittests src/lib.rs (target/debug/deps/oc_tui-65e5b5da0a1b13fc)

running 96 tests
test app::tabs::tests::vis39_tab_only_ticks_reuse_one_warm_viewport_without_copying_retained_rows ... ok
test app::tabs::tests::vis39_tab_spinner_mount_clocks_survive_updates_and_attention_supersedes_running ... ok
test app::tabs::tests::vis39_u48_glow_ignition_diffusion_and_off_mode_settle ... ok
test app::tabs::tests::vis39_u48_retrigger_keeps_flash_and_reenable_keeps_sweep_position ... ok
test app::tabs::tests::vis39_u48_running_release_completion_and_flash_use_source_clocks ... ok
test app::tabs::tests::vis39_visible_deck_disposes_hidden_phases_without_fabricating_completion ... ok
test app::tabs::tests::vis41_activation_and_height_resize_preserve_same_id_including_completed_cycle ... ok
test app::tabs::tests::vis41_leading_smoothstep_and_deferred_leave_settle_without_periodic_wakes ... ok
test app::tabs::tests::vis41_one_cycle_off_mode_repeated_pointer_and_source_metadata_rules ... ok
test app::tests::input::sidebar_palette_title_tracks_rendered_visibility_and_runs_same_action ... ok
test app::tests::input::v05_review_chip_trim_keeps_visible_and_submitted_draft_in_sync ... ok
test app::tests::input::vis07_paste_mouse_expands_only_live_painted_prompt_cells ... ok
test app::tests::input::vis07_repeat_paste_after_real_suffix_space_inserts_a_new_chip ... ok
test app::tests::input::vis07_submit_pointer_in_unpainted_transcript_space_is_inert ... ok
test app::tests::input::vis07_up_down_use_painted_width_before_history_and_select_raw_wrap ... ok
test app::tests::input::vis09_keyboard_model_focus_centers_clamped_viewport_without_moving_current ... ok
test app::tests::input::vis11_commands_hints_project_effective_leaders_and_literal_overrides ... ok
test app::tests::input::vis11_configured_palette_chord_and_modal_printable_keep_focus ... ok
test app::tests::input::vis11_leader_pending_lifecycle_preserves_editor_and_expires_without_input ... ok
test app::tests::input::vis11_pending_interrupt_consumed_then_normal_exit_remains_available ... ok
test app::tests::input::vis25_home_no_match_and_history_keep_editor_ownership ... ok
test app::tests::input::vis25_selection_matches_highlight_after_caret_motion_and_catalog_refresh ... ok
test app::tests::input::vis25_slash_focus_navigation_completion_and_real_actions ... ok
test app::tests::input::vis25_up_owns_selection_then_history_recovers_after_escape ... ok
test app::tests::input::vis26_enter_submits_unmodified_text_without_implicit_file_read ... ok
test app::tests::input::vis26_stale_edits_location_roundtrip_and_view_instances ... ok
test app::tests::input::vis26_tab_never_replaces_an_atomic_paste_chip ... ok
test app::tests::input::vis26_tab_separator_depends_on_next_character_and_keeps_suffix ... ok
test app::tests::input::vis26_trigger_caret_tab_and_escape_keep_textual_draft ... ok
test app::tests::input::vis27_owner_catalog_mode_and_absence_replace_prior_selection ... ok
test app::tests::input::vis29_variant_current_focus_centers_on_open_and_clear_in_narrow_view ... ok
test app::tests::lifecycle::clipped_hover_draw_uses_only_its_visible_indexed_traversal ... ok
test app::tests::lifecycle::vis28_scanner_clock_rolls_over_and_resets_for_each_running_transition ... ok
test app::tests::lifecycle::vis31_deadlines_do_not_reset_scanner_and_disappear_at_rest ... ok
test app::tests::lifecycle::vis35_live_checkpoint_switch_fork_projection_and_reopen_keep_effects ... ok
test app::tests::lifecycle::vis38_dcp_metadata_freezes_through_commit_replay_controls_and_session_switch ... ok
test app::tests::lifecycle::vis38_dcp_toast_uses_existing_expiry_once_and_off_preserves_failures ... ok
test app::tests::transcript::exploration_mouse_hits_only_visible_header_text_without_drag_or_modal_leak ... ok
test app::tests::transcript::vis10_painted_target_rejects_identity_change_and_distinguishes_live_echo ... ok
test app::tests::transcript::vis10_user_hover_and_click_follow_painted_identity_through_wrap_and_scroll ... ok
test app::tests::transcript::vis27_double_click_word_is_clipped_to_painted_wrap_row ... ok
test app::tests::transcript::vis27_drag_and_repeated_click_copy_only_selected_painted_text ... ok
test app::tests::transcript::vis27_drag_on_reasoning_header_cannot_toggle_or_steal_modal ... ok
test app::tests::transcript::vis27_manual_right_click_and_resize_do_not_copy_unseen_rows ... ok
test app::tests::transcript::vis27_modifier_and_surface_click_preserve_completed_highlight ... ok
test app::tests::transcript::vis27_nonowned_drag_cannot_change_completed_selection_or_copy ... ok
test app::tests::transcript::vis27_oversized_selection_reports_error_without_clipboard_request ... ok
test app::tests::transcript::vis27_paired_word_and_line_selection_paint_explicit_source_cells ... ok
test app::tests::transcript::vis27_unrelated_mouse_events_do_not_rebuild_painted_transcript ... ok
test app::tests::transcript::vis27_wrapped_wide_graphemes_copy_complete_visible_rows ... ok
test app::tests::transcript::vis32_completion_preserves_cached_part_expansion_paging_and_resize ... ok
test app::tests::transcript::vis32_live_tail_anchor_unicode_paging_and_resize ... ok
test app::tests::transcript::vis32_wheel_displacement_elapsed_motion_and_edges ... ok
test app::tests::transcript::vis34_session_tps_is_current_presentation_for_finished_and_replayed_footers ... ok
test approval_view::tests::vis07_feedback_wrap_click_keeps_raw_unicode_offsets_for_edits ... ok
test compaction::tests::vis34_causal_tool_message_turn_anchors_and_reopen_order ... ok
test compaction::tests::vis34_disabled_animation_native_failure_cancel_and_owner_replay ... ok
test compaction::tests::vis34_heading_spacing_is_scoped_and_preserves_real_markdown ... ok
test compaction::tests::vis34_owner_lifecycle_clock_usage_and_two_escape_cancel ... ok
test compaction::tests::vis34_queued_and_failed_dividers_match_pinned_padding_rounding_and_foreground ... ok
test compaction::tests::vis34_summary_geometry_and_styles_match_pinned_completed_cells ... ok
test editor::tests::vis07_observed_seventy_cell_word_wrap_and_raw_separator_offsets ... ok
test editor::tests::vis07_repeat_paste_expands_at_chip_end_without_inserting_again ... ok
test editor::tests::vis07_wrapped_unicode_vertical_selection_and_width_edges ... ok
test layout::tests::horizontal_tabs_keep_active_visible_and_respect_previous_start ... ok
test messages::tests::completed_exploration_is_grouped_in_full_and_visible_transcript ... ok
test messages::tests::v06a_cached_parts_invalidate_only_dirty_revision_width_and_theme ... ok
test messages::tests::v06a_visible_page_only_parse_stays_cached_across_241_and_10000_parts_and_resize ... ok
test messages::tests::vis10_indexed_user_targets_track_wrapped_pages_and_exclude_margins ... ok
test messages::tests::vis10_user_hover_preserves_agent_border_and_chip_surfaces ... ok
test messages::tests::vis34_archive_paragraph_final_lf_has_one_footer_margin_full_cached_and_indexed ... ok
test messages::tests::vis38_off_long_user_wrap_keeps_continuity_across_preview_byte_boundaries ... ok
test messages::tests::vis38_summary_wrapper_keeps_source_separator_foreground_at_word_wrap ... ok
test patch_view::tests::vis35_actual_gutters_split_boundary_styles_and_syntax ... ok
test patch_view::tests::vis35_auto_uses_root_content_width_and_capture_gutter_roles ... ok
test patch_view::tests::vis35_configured_wrap_retains_gutters_and_cell_bounds ... ok
test patch_view::tests::vis35_fresh_capture_odd_split_and_header_gap_full_indexed ... ok
test patch_view::tests::vis35_full_indexed_replay_and_hover_keep_actual_effects ... ok
test patch_view::tests::vis35_multi_operation_move_delete_empty_truncation_and_failure ... ok
test patch_view::tests::vis36_rejected_patch_labels_requested_target_without_inventing_effects ... ok
test shell::tests::selected_tab_fades_only_the_last_four_visible_overflow_graphemes ... ok
test shell::tests::vis11_modal_pending_composer_uses_existing_backdrop_and_restores_without_input ... ok
test shell::tests::vis11_pending_only_changes_composer_roles_and_restores_on_deadline ... ok
test shell::tests::vis25_inline_rows_on_home_and_session_and_after_tab ... ok
test shell::tests::vis26_file_rows_anchor_to_home_and_session_prompt ... ok
test shell::tests::vis28_footer_scanner_tracks_agent_and_stays_below_metadata ... ok
test shell::tests::vis28_narrow_running_footer_keeps_right_hints_and_dynamic_usage ... ok
test shell::tests::vis39_actual_compact_number_ignition_settles_without_a_hidden_pulse ... ok
test shell::tests::vis39_painted_permission_priority_number_mode_and_static_busy_fallback ... ok
test shell::tests::vis39_selected_animated_spinner_attributes_and_prefix_match_u47_fallback ... ok
test shell::tests::vis39_u48_styled_sweep_whitecaps_and_blend_order_preserve_title_attributes ... ok
test shell::tests::vis41_busy_hover_scrolls_without_close_and_vertical_compact_is_reachable ... ok
test shell::tests::vis41_marquee_uses_u59_cell_cursor_and_generated_separator_fixtures ... ok
test shell::tests::vis41_real_vertical_detail_uses_owner_location_fallback_without_synthetic_metadata ... ok
test shell::tests::vis41_styled_fades_use_grapheme_ordinals_and_only_dim_the_generated_dot ... ok
test tools::tests::vis16_shell_expansion_hit_and_indexed_render_agree ... ok

test result: ok. 96 passed; 0 failed; 0 ignored; 0 measured; 321 filtered out; finished in 2.07s

