{
  "output": "/home/opencode/ai/oc/evidence/tui/recovery-v00/prompt-paste20260927-01/chip-121",
  "exit_code": 1,
  "attempts": [
    {
      "scenario": "leader-normal",
      "mode": "grid",
      "status": "DIFFERENT",
      "exit_code": 1
    },
    {
      "scenario": "leader-normal",
      "mode": "png",
      "status": "DIFFERENT",
      "exit_code": 1
    },
    {
      "scenario": "leader-invalid-pending",
      "mode": "grid",
      "status": "DIFFERENT",
      "exit_code": 1
    },
    {
      "scenario": "leader-invalid-pending",
      "mode": "png",
      "status": "DIFFERENT",
      "exit_code": 1
    },
    {
      "scenario": "leader-invalid-next",
      "mode": "grid",
      "status": "DIFFERENT",
      "exit_code": 1
    },
    {
      "scenario": "leader-invalid-next",
      "mode": "png",
      "status": "DIFFERENT",
      "exit_code": 1
    },
    {
      "scenario": "leader-invalid-restored",
      "mode": "grid",
      "status": "DIFFERENT",
      "exit_code": 1
    },
    {
      "scenario": "leader-invalid-restored",
      "mode": "png",
      "status": "DIFFERENT",
      "exit_code": 1
    },
    {
      "scenario": "leader-escape-pending",
      "mode": "grid",
      "status": "DIFFERENT",
      "exit_code": 1
    },
    {
      "scenario": "leader-escape-pending",
      "mode": "png",
      "status": "DIFFERENT",
      "exit_code": 1
    },
    {
      "scenario": "leader-escape-next",
      "mode": "grid",
      "status": "DIFFERENT",
      "exit_code": 1
    },
    {
      "scenario": "leader-escape-next",
      "mode": "png",
      "status": "DIFFERENT",
      "exit_code": 1
    },
    {
      "scenario": "leader-escape-restored",
      "mode": "grid",
      "status": "DIFFERENT",
      "exit_code": 1
    },
    {
      "scenario": "leader-escape-restored",
      "mode": "png",
      "status": "DIFFERENT",
      "exit_code": 1
    },
    {
      "scenario": "leader-backspace-pending",
      "mode": "grid",
      "status": "DIFFERENT",
      "exit_code": 1
    },
    {
      "scenario": "leader-backspace-pending",
      "mode": "png",
      "status": "DIFFERENT",
      "exit_code": 1
    },
    {
      "scenario": "leader-backspace-next",
      "mode": "grid",
      "status": "DIFFERENT",
      "exit_code": 1
    },
    {
      "scenario": "leader-backspace-next",
      "mode": "png",
      "status": "DIFFERENT",
      "exit_code": 1
    },
    {
      "scenario": "leader-backspace-restored",
      "mode": "grid",
      "status": "DIFFERENT",
      "exit_code": 1
    },
    {
      "scenario": "leader-backspace-restored",
      "mode": "png",
      "status": "DIFFERENT",
      "exit_code": 1
    },
    {
      "scenario": "leader-repeated-pending",
      "mode": "grid",
      "status": "DIFFERENT",
      "exit_code": 1
    },
    {
      "scenario": "leader-repeated-pending",
      "mode": "png",
      "status": "DIFFERENT",
      "exit_code": 1
    },
    {
      "scenario": "leader-repeated-next",
      "mode": "grid",
      "status": "DIFFERENT",
      "exit_code": 1
    },
    {
      "scenario": "leader-repeated-next",
      "mode": "png",
      "status": "DIFFERENT",
      "exit_code": 1
    },
    {
      "scenario": "leader-repeated-restored",
      "mode": "grid",
      "status": "DIFFERENT",
      "exit_code": 1
    },
    {
      "scenario": "leader-repeated-restored",
      "mode": "png",
      "status": "DIFFERENT",
      "exit_code": 1
    },
    {
      "scenario": "leader-idle-pending",
      "mode": "grid",
      "status": "DIFFERENT",
      "exit_code": 1
    },
    {
      "scenario": "leader-idle-pending",
      "mode": "png",
      "status": "DIFFERENT",
      "exit_code": 1
    },
    {
      "scenario": "leader-idle-restored",
      "mode": "grid",
      "status": "DIFFERENT",
      "exit_code": 1
    },
    {
      "scenario": "leader-idle-restored",
      "mode": "png",
      "status": "DIFFERENT",
      "exit_code": 1
    },
    {
      "scenario": "leader-success-pending",
      "mode": "grid",
      "status": "DIFFERENT",
      "exit_code": 1
    },
    {
      "scenario": "leader-success-pending",
      "mode": "png",
      "status": "DIFFERENT",
      "exit_code": 1
    },
    {
      "scenario": "leader-success-next",
      "mode": "grid",
      "status": "DIFFERENT",
      "exit_code": 1
    },
    {
      "scenario": "leader-success-next",
      "mode": "png",
      "status": "DIFFERENT",
      "exit_code": 1
    },
    {
      "scenario": "leader-success-restored",
      "mode": "grid",
      "status": "DIFFERENT",
      "exit_code": 1
    },
    {
      "scenario": "leader-success-restored",
      "mode": "png",
      "status": "DIFFERENT",
      "exit_code": 1
    },
    {
      "scenario": "leader-modal-normal",
      "mode": "grid",
      "status": "DIFFERENT",
      "exit_code": 1
    },
    {
      "scenario": "leader-modal-normal",
      "mode": "png",
      "status": "DIFFERENT",
      "exit_code": 1
    },
    {
      "scenario": "leader-modal-pending",
      "mode": "grid",
      "status": "DIFFERENT",
      "exit_code": 1
    },
    {
      "scenario": "leader-modal-pending",
      "mode": "png",
      "status": "DIFFERENT",
      "exit_code": 1
    },
    {
      "scenario": "leader-modal-invalid-next",
      "mode": "grid",
      "status": "DIFFERENT",
      "exit_code": 1
    },
    {
      "scenario": "leader-modal-invalid-next",
      "mode": "png",
      "status": "DIFFERENT",
      "exit_code": 1
    },
    {
      "scenario": "leader-modal-restored",
      "mode": "grid",
      "status": "DIFFERENT",
      "exit_code": 1
    },
    {
      "scenario": "leader-modal-restored",
      "mode": "png",
      "status": "DIFFERENT",
      "exit_code": 1
    },
    {
      "scenario": "leader-chip-normal",
      "mode": "grid",
      "status": "DIFFERENT",
      "exit_code": 1
    },
    {
      "scenario": "leader-chip-normal",
      "mode": "png",
      "status": "DIFFERENT",
      "exit_code": 1
    },
    {
      "scenario": "leader-chip-pending",
      "mode": "grid",
      "status": "DIFFERENT",
      "exit_code": 1
    },
    {
      "scenario": "leader-chip-pending",
      "mode": "png",
      "status": "DIFFERENT",
      "exit_code": 1
    },
    {
      "scenario": "leader-chip-restored",
      "mode": "grid",
      "status": "DIFFERENT",
      "exit_code": 1
    },
    {
      "scenario": "leader-chip-restored",
      "mode": "png",
      "status": "DIFFERENT",
      "exit_code": 1
    },
    {
      "scenario": "leader-chip-expanded-fulltext",
      "mode": "grid",
      "status": "DIFFERENT",
      "exit_code": 1
    },
    {
      "scenario": "leader-chip-expanded-fulltext",
      "mode": "png",
      "status": "DIFFERENT",
      "exit_code": 1
    }
  ]
}
