   Compiling oc-adapters v0.1.0 (/home/opencode/ai/oc/crates/oc-adapters)
error: future cannot be sent between threads safely
    --> crates/oc-adapters/src/application.rs:596:31
     |
 596 |     let handle = tokio::spawn(start_worker(db, composition, inbox, events, ready));
     |                               ^^^^^^^^^^^^^^^^^^^^^^^^^^^^^^^^^^^^^^^^^^^^^^^^^^^ future returned by `start_worker` is not `Send`
     |
     = help: within `impl futures_util::Future<Output = Result<(), oc_core::queries::ServiceDiagnostic>>`, the trait `std::marker::Send` is not implemented for `std::sync::RwLockReadGuard<'_, std::sync::Arc<runtime::PublishedGeneration>>`
note: future is not `Send` as this value is used across an await
    --> crates/oc-adapters/src/runtime/turn.rs:3588:34
     |
3584 | ...                           &self.current.read().expect("generation lock").config,
     |                                --------------------------------------------- has type `std::sync::RwLockReadGuard<'_, std::sync::Arc<runtime::PublishedGeneration>>` which is not `Send`
...
3588 | ...                   .await
     |                        ^^^^^ await occurs here, with `self.current.read().expect("generation lock")` maybe used later
note: required by a bound in `tokio::spawn`
    --> /home/opencode/.cargo/registry/src/index.crates.io-1949cf8c6b5b557f/tokio-1.53.1/src/task/spawn.rs:176:21
     |
 174 |     pub fn spawn<F>(future: F) -> JoinHandle<F::Output>
     |            ----- required by a bound in this function
 175 |     where
 176 |         F: Future + Send + 'static,
     |                     ^^^^ required by this bound in `spawn`

error: future cannot be sent between threads safely
    --> crates/oc-adapters/src/runtime/turn.rs:228:9
     |
 228 |         Box::pin(self.spawn_inner(request))
     |         ^^^^^^^^^^^^^^^^^^^^^^^^^^^^^^^^^^^ future returned by `spawn_inner` is not `Send`
     |
     = help: within `impl futures_util::Future<Output = Result<tools::SubagentOutcome, tools::ToolError>>`, the trait `std::marker::Send` is not implemented for `std::sync::RwLockReadGuard<'_, std::sync::Arc<runtime::PublishedGeneration>>`
note: future is not `Send` as this value is used across an await
    --> crates/oc-adapters/src/runtime/turn.rs:3588:34
     |
3584 | ...                           &self.current.read().expect("generation lock").config,
     |                                --------------------------------------------- has type `std::sync::RwLockReadGuard<'_, std::sync::Arc<runtime::PublishedGeneration>>` which is not `Send`
...
3588 | ...                   .await
     |                        ^^^^^ await occurs here, with `self.current.read().expect("generation lock")` maybe used later
     = note: required for the cast from `Pin<Box<impl Future<Output = Result<SubagentOutcome, ToolError>>>>` to `Pin<Box<dyn Future<Output = Result<SubagentOutcome, ...>> + Send>>`
     = note: the full name for the type has been written to '/home/opencode/ai/oc/target/debug/deps/oc_adapters-ed9aaed69dd516e3.long-type-1010500890148757506.txt'
     = note: consider using `--verbose` to print the full type name to the console

error: could not compile `oc-adapters` (lib test) due to 2 previous errors
