{
  "elf_sha256": {
    "debug": "784ed5eecfbb4eaaad688c1bcce674dfa30fa662e6730a1ece4148f22f056d37",
    "release": "4f4f647452331ebec1f62b658dc68a7ae3ed2e3247dbcd4f2d8a828a6637a940"
  },
  "first_wrapper_cleanup_timing": {
    "output-clippy5.log": 1790905935.6307392,
    "output-workspace1.log.gz": 1790907002.364894
  },
  "logs": [
    {
      "completed_target_counts": 38,
      "completed_target_seconds": 877.67,
      "exact_log_bytes": 106959,
      "failed": 1,
      "failed_tests": [
        "webfetch::format_tests::tool17_held_body_deadline_cancel_and_conversion_join_keep_executor_responsive"
      ],
      "ignored": 10,
      "name": "output-workspace12.log.gz",
      "passed": 1007,
      "stored_bytes": 27750
    },
    {
      "completed_target_counts": 38,
      "completed_target_seconds": 878.83,
      "exact_log_bytes": 106872,
      "failed": 1,
      "failed_tests": [
        "shell::jobs::tests::tool13_held_owned_shell_output_is_readable_before_terminal"
      ],
      "ignored": 10,
      "name": "output-workspace10.log.gz",
      "passed": 1007,
      "stored_bytes": 27743
    },
    {
      "completed_target_counts": 1,
      "completed_target_seconds": 13.88,
      "exact_log_bytes": 1924,
      "failed": 0,
      "failed_tests": [],
      "ignored": 0,
      "name": "output-owner-redactor.log",
      "passed": 15,
      "stored_bytes": 1924
    },
    {
      "completed_target_counts": 1,
      "completed_target_seconds": 50.56,
      "exact_log_bytes": 37795,
      "failed": 0,
      "failed_tests": [],
      "ignored": 0,
      "name": "output-tui-qualification.log",
      "passed": 433,
      "stored_bytes": 37795
    },
    {
      "completed_target_counts": 38,
      "completed_target_seconds": 876.2,
      "exact_log_bytes": 106959,
      "failed": 1,
      "failed_tests": [
        "webfetch::format_tests::tool17_held_body_deadline_cancel_and_conversion_join_keep_executor_responsive"
      ],
      "ignored": 10,
      "name": "output-workspace11.log.gz",
      "passed": 1007,
      "stored_bytes": 27744
    },
    {
      "completed_target_counts": 42,
      "completed_target_seconds": 894.03,
      "exact_log_bytes": 132485,
      "failed": 0,
      "failed_tests": [],
      "ignored": 10,
      "name": "output-workspace3.log.gz",
      "passed": 1441,
      "stored_bytes": 34029
    }
  ],
  "owned_aggregate_bytes": 801700,
  "owned_file_count": 196,
  "remaining_recorded_temporaries": [],
  "unclassified_owned_prefix_directories": []
}
