   Compiling oc-adapters v0.1.0 (/home/opencode/ai/oc/crates/oc-adapters)
warning: unused import: `StorageError`
 --> crates/oc-adapters/src/tools/output.rs:4:9
  |
4 |     Db, StorageError,
  |         ^^^^^^^^^^^^
  |
  = note: `#[warn(unused_imports)]` (part of `#[warn(unused)]`) on by default

warning: variable does not need to be mutable
    --> crates/oc-adapters/src/runtime/turn.rs:3629:18
     |
3629 |             let (mut output, logging_failed) = if let Some(native) = native_mcp_result.as_mut() {
     |                  ----^^^^^^
     |                  |
     |                  help: remove this `mut`
     |
     = note: `#[warn(unused_mut)]` (part of `#[warn(unused)]`) on by default

error[E0063]: missing field `tool_output` in initializer of `config::Generation`
  --> crates/oc-adapters/src/models/tool_tests.rs:33:26
   |
33 |     let mut generation = crate::config::Generation {
   |                          ^^^^^^^^^^^^^^^^^^^^^^^^^ missing `tool_output`

For more information about this error, try `rustc --explain E0063`.
warning: `oc-adapters` (lib test) generated 2 warnings
error: could not compile `oc-adapters` (lib test) due to 1 previous error; 2 warnings emitted
