    Checking oc-adapters v0.1.0 (/home/opencode/ai/oc/crates/oc-adapters)
error: called `Iterator::last` on a `DoubleEndedIterator`; this will needlessly iterate the entire iterator
  --> crates/oc-adapters/src/mcp_result/media.rs:73:24
   |
73 |           let terminal = texts
   |  ________________________^
74 | |             .last()
   | |___________________^
   |
   = help: for further information visit https://rust-lang.github.io/rust-clippy/rust-1.93.0/index.html#double_ended_iterator_last
   = note: `-D clippy::double-ended-iterator-last` implied by `-D warnings`
   = help: to override `-D warnings` add `#[allow(clippy::double_ended_iterator_last)]`
help: try
   |
61 ~         let mut texts = self.facts["content"]
62 |             .as_array()
...
73 |         let terminal = texts
74 ~             .next_back()
   |

error: could not compile `oc-adapters` (lib) due to 1 previous error
warning: build failed, waiting for other jobs to finish...
error: could not compile `oc-adapters` (lib test) due to 1 previous error
