   Compiling oc-adapters v0.1.0 (/home/opencode/ai/oc/crates/oc-adapters)
error[E0308]: mismatched types
   --> crates/oc-adapters/src/tools/output/tests.rs:166:24
    |
166 |             .byte_page(resource.bytes - 30, 30)
    |              --------- ^^^^^^^^^^^^^^^^^^^ expected `usize`, found `u64`
    |              |
    |              arguments to this method are incorrect
    |
note: method defined here
   --> crates/oc-adapters/src/storage_tool_output.rs:577:19
    |
577 |     pub(crate) fn byte_page(
    |                   ^^^^^^^^^
578 |         &mut self,
579 |         offset: usize,
    |         -------------
help: you can convert a `u64` to a `usize` and panic if the converted value doesn't fit
    |
166 |             .byte_page((resource.bytes - 30).try_into().unwrap(), 30)
    |                        +                   +++++++++++++++++++++

For more information about this error, try `rustc --explain E0308`.
error: could not compile `oc-adapters` (lib test) due to 1 previous error
