   Compiling oc-adapters v0.1.0 (/home/opencode/ai/oc/crates/oc-adapters)
error[E0583]: file not found for module `tests`
   --> crates/oc-adapters/src/storage_tool_output.rs:345:1
    |
345 | mod tests;
    | ^^^^^^^^^^
    |
    = help: to create the module `tests`, create file "crates/oc-adapters/src/tests.rs" or "crates/oc-adapters/src/tests/mod.rs"
    = note: if there is a `mod tests` elsewhere in the crate already, import it with `use crate::...` instead

error[E0277]: the trait bound `u64: FromSql` is not satisfied
   --> crates/oc-adapters/src/storage_tool_output.rs:173:394
    |
173 | ....get(0)?,r.get(1)?,r.get(2)?,r.get(3)?,r.get(4)?,r.get(5)?))).optional()?.ok_or_else(invalid)?;
    |                                             ^^^ the trait `FromSql` is not implemented for `u64`
    |
    = help: the following other types implement trait `FromSql`:
              f32
              f64
              i16
              i32
              i64
              i8
              isize
              u16
            and 2 others
note: required by a bound in `Row::<'_>::get`
   --> /home/opencode/.cargo/registry/src/index.crates.io-1949cf8c6b5b557f/rusqlite-0.40.2/src/row.rs:285:32
    |
285 |     pub fn get<I: RowIndex, T: FromSql>(&self, idx: I) -> Result<T> {
    |                                ^^^^^^^ required by this bound in `Row::<'_>::get`

error[E0277]: the trait bound `u64: ToSql` is not satisfied
   --> crates/oc-adapters/src/storage_tool_output.rs:284:93
    |
284 | ...ERE id=?1",params![self.resource.id,serde_json::to_string(&self.resource).map_err(|_|invalid())?,self.resource.bytes])?;
    |               ^^^^^^^^^^^^^^^^^^^^^^^^^^^^^^^^^^^^^^^^^^^^^^^^^^^^^^^^^^^^^^^^^^^^^^^^^^^^^^^^^^^^^^^^^^^^^^^^^^^^^^^^^^ the trait `ToSql` is not implemented for `u64`
    |
    = help: the following other types implement trait `ToSql`:
              f32
              f64
              i16
              i32
              i64
              i8
              isize
              u16
            and 2 others
    = note: required for the cast from `&u64` to `&dyn ToSql`
    = note: this error originates in the macro `params` (in Nightly builds, run with -Z macro-backtrace for more info)

error[E0277]: the trait bound `u64: ToSql` is not satisfied
   --> crates/oc-adapters/src/storage_tool_output.rs:303:123
    |
303 | ...ERE id=?1",params![self.resource.id,self.name,raw,self.resource.bytes,format!("{:?}",self.resource.state),timestamp()])?;
    |               ^^^^^^^^^^^^^^^^^^^^^^^^^^^^^^^^^^^^^^^^^^^^^^^^^^^^^^^^^^^^^^^^^^^^^^^^^^^^^^^^^^^^^^^^^^^^^^^^^^^^^^^^^^^ the trait `ToSql` is not implemented for `u64`
    |
    = help: the following other types implement trait `ToSql`:
              f32
              f64
              i16
              i32
              i64
              i8
              isize
              u16
            and 2 others
    = note: required for the cast from `&u64` to `&dyn ToSql`
    = note: this error originates in the macro `params` (in Nightly builds, run with -Z macro-backtrace for more info)

Some errors have detailed explanations: E0277, E0583.
For more information about an error, try `rustc --explain E0277`.
error: could not compile `oc-adapters` (lib test) due to 4 previous errors
