   Compiling oc-adapters v0.1.0 (/home/opencode/ai/oc/crates/oc-adapters)
    Finished `test` profile [unoptimized + debuginfo] target(s) in 31.85s
     Running unittests src/lib.rs (target/debug/deps/oc_adapters-ed9aaed69dd516e3)

running 16 tests
test application::tests::review_tests::tool21_failed_output_reload_keeps_published_generation_and_safe_diagnostics ... ok
test config::tool_output_tests::tool21_invalid_output_limits_fail_before_generation_publication ... ok
test config::tool_output_tests::tool21_latest_complete_section_defaults_and_provenance ... ok
test storage::tool_output::tests::tool21_actual_oversized_question_has_one_cold_payload_and_restart_presentation ... FAILED
test storage::tool_output::tests::tool21_concurrent_blob_and_registered_writers_share_exclusive_quota ... ok
test storage::tool_output::tests::tool21_distant_stream_continuation_lineage_restart_and_no_recursive_copy ... ok
test storage::tool_output::tests::tool21_explicit_family_delete_respects_writer_and_orphan_reader_leases ... ok
test storage::tool_output::tests::tool21_publication_fault_never_promises_unregistered_renamed_file ... ok
test storage::tool_output::tests::tool21_registered_identity_swap_interruption_and_blob_orphan_quota ... ok
test storage::tool_output::tests::tool21_registered_stream_cap_redaction_leases_and_shared_quota ... ok
test tools::output::tests::tool21_donor_count_utf8_head_tail_and_tiny_limits ... ok
test tools::output::tests::tool21_mcp_joined_text_metadata_not_bypass_structured_error_facts_survive ... ok
test tools::output::tests::tool21_prepared_envelope_retains_controls_no_metadata_bypass ... ok
test tools::output::tests::tool21_question_control_presentation_survives_common_limits ... ok
test tools::output::tests::tool21_redaction_small_json_and_escaped_prose_stay_valid_and_served ... ok
test tools::output::tests::tool21_structured_only_mcp_text_joins_cold_capture_and_escaped_hot_facts_are_bounded ... ok

failures:

---- storage::tool_output::tests::tool21_actual_oversized_question_has_one_cold_payload_and_restart_presentation stdout ----

thread 'storage::tool_output::tests::tool21_actual_oversized_question_has_one_cold_payload_and_restart_presentation' (450465) panicked at crates/oc-adapters/src/storage_tool_output/tests.rs:43:5:
assertion failed: prepared.text.len() < 51200
note: run with `RUST_BACKTRACE=1` environment variable to display a backtrace


failures:
    storage::tool_output::tests::tool21_actual_oversized_question_has_one_cold_payload_and_restart_presentation

test result: FAILED. 15 passed; 1 failed; 0 ignored; 0 measured; 436 filtered out; finished in 12.15s

error: test failed, to rerun pass `-p oc-adapters --lib`
