   Compiling oc-tui v0.1.0 (/home/opencode/ai/oc/crates/oc-tui)
    Finished `test` profile [unoptimized + debuginfo] target(s) in 26.61s
     Running unittests src/lib.rs (target/debug/deps/oc_tui-8fb277c5116386cf)

running 433 tests
test app::tabs::tests::busy_and_clipped_tabs_never_emit_close ... ok
test app::tabs::tests::close_tab_chord_uses_the_presented_active_slot_without_mutating_the_deck ... ok
test app::tabs::tests::close_tab_home_last_and_busy_availability ... ok
test app::tabs::tests::close_tab_palette_selection_preserves_modal_and_draft_until_owner_accepts ... ok
test app::tabs::tests::home_slot_is_not_an_activation_and_busy_tabs_remain_selectable ... ok
test app::tabs::tests::hovered_close_requires_painted_cell_matching_press_and_no_drag ... ok
test app::tabs::tests::post_close_hold_is_released_when_a_modal_opens ... ok
test app::tabs::tests::retained_tab_mouse_routes_only_matching_painted_left_clicks ... ok
test app::tabs::tests::vis39_tab_only_ticks_reuse_one_warm_viewport_without_copying_retained_rows ... ok
test app::tabs::tests::vis39_tab_spinner_mount_clocks_survive_updates_and_attention_supersedes_running ... ok
test app::tabs::tests::vis39_u48_glow_ignition_diffusion_and_off_mode_settle ... ok
test app::tabs::tests::vis39_u48_retrigger_keeps_flash_and_reenable_keeps_sweep_position ... ok
test app::tabs::tests::vis39_u48_running_release_completion_and_flash_use_source_clocks ... ok
test app::tabs::tests::vis39_visible_deck_disposes_hidden_phases_without_fabricating_completion ... ok
test app::tabs::tests::vis41_activation_and_height_resize_preserve_same_id_including_completed_cycle ... ok
test app::tabs::tests::vis41_leading_smoothstep_and_deferred_leave_settle_without_periodic_wakes ... ok
test app::tabs::tests::vis41_one_cycle_off_mode_repeated_pointer_and_source_metadata_rules ... ok
test app::tests::input::accepted_text_only_mention_recalled_in_same_session ... ok
test app::tests::input::aud33_paste_is_never_silently_cut_below_the_input_budget ... ok
test app::tests::input::cfg09_plugin_settings_rows_show_owner_status_and_are_read_only ... ok
test app::tests::input::cfg10_diagnostic_details_copy_and_investigation_never_touch_prompt_or_submit ... ok
test app::tests::input::command_descriptions_follow_reload_and_location_without_fallback ... ok
test app::tests::input::ctrl_c_clears_focused_rename_prefill_before_dismissing_dialog ... ok
test app::tests::input::ctrl_c_clears_mention_and_multiline_chip_without_reusing_stale_suggestions ... ok
test app::tests::input::ctrl_c_clears_pending_draft_without_cancelling_accepted_turn ... ok
test app::tests::input::ctrl_c_clears_slash_draft_and_editor_history_before_empty_exit ... ok
test app::tests::input::ctrl_c_dismisses_slash_token_but_preserves_text_after_caret ... ok
test app::tests::input::home_ren_filter_selects_real_reload_without_stealing_workspace_ren ... ok
test app::tests::input::painted_toast_slash_and_mentions_block_reasoning_press_and_release ... ok
test app::tests::input::panel_enter_returns_selection_intents ... ok
test app::tests::input::r4a_disabled_last_variant_still_offers_explicit_default_repair ... ok
test app::tests::input::r4a_unavailable_primary_row_is_read_only_and_draft_survives_agent_repair ... ok
test app::tests::input::reload_refresh_invalidates_generation_options_without_erasing_draft ... ok
test app::tests::input::rename_combined_unicode_prefill_and_editor_history_stay_bounded ... ok
test app::tests::input::rename_full_unicode_prefill_stays_on_one_row_at_narrow_width ... ok
test app::tests::input::rename_limits_prefill_typing_and_paste_to_owner_bytes_without_splitting_graphemes ... ok
test app::tests::input::rename_oversized_prefill_never_submits_a_prefix_and_can_be_replaced ... ok
test app::tests::input::rename_palette_slash_blank_cancel_and_refusal ... ok
test app::tests::input::rename_shortcut_edits_graphemes_and_waits_for_owner_ack ... ok
test app::tests::input::review_is_offered_as_a_workspace_command_on_home_and_session ... ok
test app::tests::input::sessionless_home_keeps_bounded_editor_and_refuses_session_actions ... ok
test app::tests::input::sessions_metadata_keeps_owner_order_routes_ids_and_requeries_search_scope ... ok
test app::tests::input::sessions_selected_actions_confirm_exact_row_keep_draft_and_clear_on_move ... ok
test app::tests::input::sidebar_palette_title_tracks_rendered_visibility_and_runs_same_action ... ok
test app::tests::input::sidebar_palette_uses_effective_width_home_and_child ... ok
test app::tests::input::slash_overlay_commands_consume_alias_but_compress_keeps_input ... ok
test app::tests::input::slash_rename_direct_waits_for_owner_and_retains_draft_on_async_failure ... ok
test app::tests::input::ui07_provider_settings_are_read_only_owner_facts_and_preserve_draft ... ok
test app::tests::input::v04_modal_search_scroll_focus_and_draft ... ok
test app::tests::input::v04_mouse_scroll_hover_and_drag_release_keep_modal_owner ... ok
test app::tests::input::v04_mouse_status_rows_do_not_start_compression ... ok
test app::tests::input::v04_pending_command_availability_preserves_receipt_focus_and_draft ... ok
test app::tests::input::v04_variant_current_focus_restores_after_clearing_search ... ok
test app::tests::input::v05_review_chip_trim_keeps_visible_and_submitted_draft_in_sync ... ok
test app::tests::input::v05_review_empty_draft_up_recalls_durable_history ... ok
test app::tests::input::v05_review_overlimit_selection_during_pending_cannot_lose_draft ... ok
test app::tests::input::v05_review_shift_edges_select_entire_multiline_buffer ... ok
test app::tests::input::v05_review_trimmed_chip_edit_during_pending_keeps_receipt_immutable ... ok
test app::tests::input::variant_cycle_keeps_draft_and_modal_focus_and_allows_local_pending_choice ... ok
test app::tests::input::vis07_paste_mouse_expands_only_live_painted_prompt_cells ... ok
test app::tests::input::vis07_repeat_paste_after_real_suffix_space_inserts_a_new_chip ... ok
test app::tests::input::vis07_submit_pointer_in_unpainted_transcript_space_is_inert ... ok
test app::tests::input::vis07_up_down_use_painted_width_before_history_and_select_raw_wrap ... ok
test app::tests::input::vis09_keyboard_model_focus_centers_clamped_viewport_without_moving_current ... ok
test app::tests::input::vis11_commands_hints_project_effective_leaders_and_literal_overrides ... ok
test app::tests::input::vis11_configured_palette_chord_and_modal_printable_keep_focus ... ok
test app::tests::input::vis11_leader_pending_lifecycle_preserves_editor_and_expires_without_input ... ok
test app::tests::input::vis11_pending_interrupt_consumed_then_normal_exit_remains_available ... ok
test app::tests::input::vis25_home_no_match_and_history_keep_editor_ownership ... ok
test app::tests::input::vis25_selection_matches_highlight_after_caret_motion_and_catalog_refresh ... ok
test app::tests::input::vis25_slash_focus_navigation_completion_and_real_actions ... ok
test app::tests::input::vis25_up_owns_selection_then_history_recovers_after_escape ... ok
test app::tests::input::vis26_enter_submits_unmodified_text_without_implicit_file_read ... ok
test app::tests::input::vis26_stale_edits_location_roundtrip_and_view_instances ... ok
test app::tests::input::vis26_tab_never_replaces_an_atomic_paste_chip ... ok
test app::tests::input::vis26_tab_separator_depends_on_next_character_and_keeps_suffix ... ok
test app::tests::input::vis26_trigger_caret_tab_and_escape_keep_textual_draft ... ok
test app::tests::input::vis27_owner_catalog_mode_and_absence_replace_prior_selection ... ok
test app::tests::input::vis29_variant_current_focus_centers_on_open_and_clear_in_narrow_view ... ok
test app::tests::lifecycle::accepted_submit_clears_input_and_streams ... ok
test app::tests::lifecycle::argument_stream_exact_identity_caps_reconcile_and_terminal_cleanup ... ok
test app::tests::lifecycle::cancel_releases_turn ... ok
test app::tests::lifecycle::clipped_hover_draw_uses_only_its_visible_indexed_traversal ... ok
test app::tests::lifecycle::fresh_cancel_pending_uses_candidate_and_keeps_draft_on_late_accept ... ok
test app::tests::lifecycle::fresh_rejection_preserves_home_draft_and_retry_uses_new_candidate ... ok
test app::tests::lifecycle::live_parts_stay_bounded_under_tool_flood ... ok
test app::tests::lifecycle::live_view_metrics_count_open_and_frozen_text_without_rendering ... ok
test app::tests::lifecycle::mock_busy_rejection_creates_no_fresh_root ... ok
test app::tests::lifecycle::mock_fresh_acceptance_binds_only_on_receipt_and_preserves_pending_edit ... ok
test app::tests::lifecycle::pending_failure_keeps_draft_and_quit_is_not_overwritten ... ok
test app::tests::lifecycle::pending_receipt_preserves_edits_and_ignores_old_generation ... ok
test app::tests::lifecycle::permission_transient_uses_owner_prepared_resource_warning_without_intent ... ok
test app::tests::lifecycle::rejected_prepared_patch_reconciles_without_started_or_duplicate_card ... ok
test app::tests::lifecycle::stale_tool_events_are_ignored ... ok
test app::tests::lifecycle::stale_turn_events_are_ignored ... ok
test app::tests::lifecycle::transient_feedback_defaults_to_five_seconds_and_reload_hover_pauses ... ok
test app::tests::lifecycle::vis28_scanner_clock_rolls_over_and_resets_for_each_running_transition ... ok
test app::tests::lifecycle::vis31_deadlines_do_not_reset_scanner_and_disappear_at_rest ... ok
test app::tests::lifecycle::vis35_live_checkpoint_switch_fork_projection_and_reopen_keep_effects ... ok
test app::tests::lifecycle::vis38_dcp_metadata_freezes_through_commit_replay_controls_and_session_switch ... ok
test app::tests::lifecycle::vis38_dcp_toast_uses_existing_expiry_once_and_off_preserves_failures ... ok
test app::tests::lifecycle::workspace_reset_invalidates_pending_state_without_waiting_for_old_receipt ... ok
test app::tests::model_selection::tool12_draft_only_busy_blank_commit_late_failure_keeps_newer_draft ... ok
test app::tests::model_selection::tool12_message_captures_draft_and_pending_acceptance_does_not_erase_newer_choice ... ok
test app::tests::retry::ret01_reopen_failed_retry_is_history_not_active_wait ... ok
test app::tests::retry::ret01_retry_scope_due_semantic_start_and_stale_snapshot ... ok
test app::tests::transcript::adjacent_reasoning_click_opens_and_recloses_one_group_across_live_boundary ... ok
test app::tests::transcript::completed_thought_hover_tracks_painted_header_and_release_only_recollapse ... ok
test app::tests::transcript::expandable_shell_hover_repeated_toggle_and_selection_respect_painted_surface ... ok
test app::tests::transcript::exploration_mouse_hits_only_visible_header_text_without_drag_or_modal_leak ... ok
test app::tests::transcript::exploration_toggle_anchors_long_result_and_attach_page_discards_expansion ... ok
test app::tests::transcript::failed_and_interrupted_open_reasoning_do_not_display_an_elapsed_duration ... ok
test app::tests::transcript::live_footer_uses_the_turns_pinned_model_not_the_current_picker ... ok
test app::tests::transcript::message_actions_focus_intents_clipboard_result_and_escape ... ok
test app::tests::transcript::message_press_receipt_rejects_other_release_repaint_and_history_replacement ... ok
test app::tests::transcript::reasoning_addresses_survive_paging_and_live_eviction_then_reset ... ok
test app::tests::transcript::reasoning_click_is_independent_across_same_seq_parts_and_owned_by_viewport ... ok
test app::tests::transcript::reasoning_painted_release_only_toggles_and_preserves_anchor ... ok
test app::tests::transcript::reasoning_selected_text_blocks_release_but_new_click_replaces_selection ... ok
test app::tests::transcript::redacted_only_durable_reasoning_leaves_no_mouse_target_or_spacer ... ok
test app::tests::transcript::replayed_user_messages_use_their_persisted_turn_color ... ok
test app::tests::transcript::retained_bytes_are_bounded_after_many_pages ... ok
test app::tests::transcript::reverted_card_owner_count_render_click_selection_and_reopen ... ok
test app::tests::transcript::running_reasoning_click_survives_freeze_but_resize_releases_press ... ok
test app::tests::transcript::scroll_edges_request_pages ... ok
test app::tests::transcript::sent_user_messages_keep_the_profile_color_across_profile_switches ... ok
test app::tests::transcript::sequential_public_reasoning_items_freeze_as_separate_live_and_interrupted_rows ... ok
test app::tests::transcript::tool_events_build_transcript_cards_in_part_order ... ok
test app::tests::transcript::v02_multiround_reasoning_keeps_arrival_order ... ok
test app::tests::transcript::v06b_detail_scrolls_every_unicode_row_before_next_owner_page ... ok
test app::tests::transcript::v06b_reasoning_toggle_projects_public_history_without_modifying_owner ... ok
test app::tests::transcript::v06b_session_switch_discards_tool_cards_before_next_owner_load ... ok
test app::tests::transcript::viewport_is_bounded_with_unicode ... ok
test app::tests::transcript::vis10_painted_target_rejects_identity_change_and_distinguishes_live_echo ... ok
test app::tests::transcript::vis10_user_hover_and_click_follow_painted_identity_through_wrap_and_scroll ... ok
test app::tests::transcript::vis27_double_click_word_is_clipped_to_painted_wrap_row ... ok
test app::tests::transcript::vis27_drag_and_repeated_click_copy_only_selected_painted_text ... ok
test app::tests::transcript::vis27_drag_on_reasoning_header_cannot_toggle_or_steal_modal ... ok
test app::tests::transcript::vis27_manual_right_click_and_resize_do_not_copy_unseen_rows ... ok
test app::tests::transcript::vis27_modifier_and_surface_click_preserve_completed_highlight ... ok
test app::tests::transcript::vis27_nonowned_drag_cannot_change_completed_selection_or_copy ... ok
test app::tests::transcript::vis27_oversized_selection_reports_error_without_clipboard_request ... ok
test app::tests::transcript::vis27_paired_word_and_line_selection_paint_explicit_source_cells ... ok
test app::tests::transcript::vis27_unrelated_mouse_events_do_not_rebuild_painted_transcript ... ok
test app::tests::transcript::vis27_wrapped_wide_graphemes_copy_complete_visible_rows ... ok
test app::tests::transcript::vis32_completion_preserves_cached_part_expansion_paging_and_resize ... ok
test app::tests::transcript::vis32_live_tail_anchor_unicode_paging_and_resize ... ok
test app::tests::transcript::vis32_wheel_displacement_elapsed_motion_and_edges ... ok
test app::tests::transcript::vis34_session_tps_is_current_presentation_for_finished_and_replayed_footers ... ok
test approval_view::tests::effective_multistroke_bindings_and_reject_footer_textarea ... ok
test approval_view::tests::growing_feedback_paints_whole_capture_text_and_keeps_selection_in_textarea ... ok
test approval_view::tests::painted_mouse_request_guard_geometry_and_composer_preservation ... ok
test approval_view::tests::permission_resource_wrapping_is_grapheme_safe_and_bounded ... ok
test approval_view::tests::proposed_diff_uses_terminal_auto_breakpoint_and_word_wrap_without_effect_labels ... ok
test approval_view::tests::request_key_reset_no_optimistic_remove_and_child_feedback_editor ... ok
test approval_view::tests::shell_always_displays_approved_source_without_storage_encoding ... ok
test approval_view::tests::vis07_feedback_wrap_click_keeps_raw_unicode_offsets_for_edits ... ok
test commands::tests::close_tab_is_a_palette_leader_and_slash_action ... ok
test commands::tests::completes_prefix ... ok
test commands::tests::rename_is_an_action_with_a_real_shortcut_and_both_slash_forms ... ok
test commands::tests::routes_builtins ... ok
test compaction::tests::vis34_causal_tool_message_turn_anchors_and_reopen_order ... ok
test compaction::tests::vis34_disabled_animation_native_failure_cancel_and_owner_replay ... ok
test compaction::tests::vis34_heading_spacing_is_scoped_and_preserves_real_markdown ... ok
test compaction::tests::vis34_owner_lifecycle_clock_usage_and_two_escape_cancel ... ok
test compaction::tests::vis34_queued_and_failed_dividers_match_pinned_padding_rounding_and_foreground ... ok
test compaction::tests::vis34_summary_geometry_and_styles_match_pinned_completed_cells ... ok
test dcp_panel::tests::focus_is_bounded ... ok
test dcp_panel::tests::nudge_is_transient_text_only ... ok
test dcp_panel::tests::request_outcome_cycle ... ok
test dcp_panel::tests::unavailable_context_and_precise_accounting_use_owner_metadata_and_shared_labels ... ok
test dcp_view::tests::actual_multi_range_summary_pages_are_ordered_bounded_and_optional ... ok
test dcp_view::tests::detailed_fixture_is_one_frozen_run_with_distinct_cumulative_metrics ... ok
test dcp_view::tests::donor_metrics_omit_zero_summary_and_share_number_labels ... ok
test dcp_view::tests::modes_channels_and_running_never_fabricate_confirmation ... ok
test dcp_view::tests::real_user_wrapper_has_padding_raised_surface_and_unicode_wrap ... ok
test dcp_view::tests::token_labels_use_integer_half_up_and_promote_rounded_k ... ok
test dcp_view::tests::typed_card_ignores_forged_output_and_indexed_cached_styles_agree ... ok
test dialog::tests::captured_backdrop_blanks_and_modal_padding_keep_default_foreground ... ok
test dialog::tests::constrained_sizes_and_rgb_alpha ... ok
test dialog::tests::modal_surface_erases_underlay_symbols ... ok
test dialog::tests::rename_focused_text_and_only_actual_text_are_colored ... ok
test dialog::tests::rename_medium_dialog_clips_wide_graphemes_on_one_focused_row ... ok
test dialog::tests::sessions_delete_confirmation_has_contrast_and_plain_footer_labels ... ok
test dialog::tests::sessions_large_width_preserves_filtered_date_group_and_title_limit ... ok
test dialog::tests::v04_full_catalog_cpu_and_bounded_cache ... ok
test editor::tests::accepted_mention_recall_is_latest_only_and_preserves_edited_draft ... ok
test editor::tests::file_extmark_tracks_draft_edits_undo_redo_and_chip_projection ... ok
test editor::tests::large_draft_mention_validation_does_not_retain_grapheme_boundaries ... ok
test editor::tests::v05_chip_expands_if_adjacent_edit_joins_graphemes_and_history_restores_it ... ok
test editor::tests::v05_chip_is_atomic_and_undo_restores_real_text_and_display ... ok
test editor::tests::v05_chip_threshold_matches_original_utf16_length ... ok
test editor::tests::v05_grapheme_selection_undo_and_width ... ok
test editor::tests::v05_paste_is_one_undo_and_does_not_split_grapheme_at_limit ... ok
test editor::tests::v05_review_deleting_between_regional_indicators_expands_chip ... ok
test editor::tests::v05_review_history_edit_undo_down_restores_saved_draft_chip ... ok
test editor::tests::v05_review_regional_indicator_pairing_revalidates_distant_chips ... ok
test editor::tests::vis07_observed_seventy_cell_word_wrap_and_raw_separator_offsets ... ok
test editor::tests::vis07_repeat_paste_expands_at_chip_end_without_inserting_again ... ok
test editor::tests::vis07_wrapped_unicode_vertical_selection_and_width_edges ... ok
test events::tests::dialog_routing_rejects_modifier_text_and_release ... ok
test events::tests::map_event_routes_key_paste_resize ... ok
test events::tests::maps_basics ... ok
test events::tests::paste_passes_through_unbounded ... ok
test events::tests::v05_modifier_newlines_navigation_and_event_kinds ... ok
test fuzzy::tests::pinned_external_oracle_scores_and_order ... ok
test history::tests::append_evicts_oldest_and_flags_it ... ok
test history::tests::byte_cap_is_enforced_on_every_insertion ... ok
test history::tests::card_from_row_bounds_previews_and_parses_patch_text_only ... ok
test history::tests::cards_from_rows_maps_every_row ... ok
test history::tests::durable_identity_is_shared_by_derived_rows_and_absent_from_synthetic_rows ... ok
test history::tests::expanded_parts_count_as_rendered_rows_for_scroll_anchoring ... ok
test history::tests::model_switch_labels_variant_default_and_missing_catalog_safely ... ok
test history::tests::model_switch_replays_before_user_across_pages_and_live_receipts ... ok
test history::tests::paging_newest_first_sets_flags ... ok
test history::tests::prepend_evicts_newest_and_flags_it ... ok
test history::tests::reasoning_notices_flush_before_text_tool_and_footer_without_hiding_other_notices ... ok
test history::tests::reset_evicts_over_row_cap ... ok
test history::tests::started_turn_with_open_reasoning_part_replays_as_running_group ... ok
test history::tests::started_turn_with_two_completed_reasoning_parts_replays_as_completed_group ... ok
test history::tests::truncated_reasoning_preview_keeps_adjacent_steps_and_indexed_click ... ok
test history::tests::user_history_row_restores_its_turn_agent_for_message_color ... ok
test history::tests::v02_availability_markers_and_exact_terminal_states ... ok
test layout::tests::breakpoints_switch_at_upstream_widths ... ok
test layout::tests::closing_hovered_home_holds_close_column_then_clips_at_resize ... ok
test layout::tests::horizontal_tabs_clip_without_overlap_or_unpainted_hits ... ok
test layout::tests::horizontal_tabs_keep_active_visible_and_respect_previous_start ... ok
test layout::tests::horizontal_tabs_marker_digits_and_add_capability ... ok
test layout::tests::horizontal_tabs_one_and_adaptive_multi ... ok
test layout::tests::panel_height_shrinks_only_the_transcript ... ok
test layout::tests::re_layout_is_deterministic ... ok
test layout::tests::root_regions_keep_the_upstream_rows ... ok
test layout::tests::session_regions_place_the_bottom_stack ... ok
test layout::tests::single_tab_is_capped_at_the_upstream_maximum ... ok
test layout::tests::tiny_terminals_clamp_instead_of_overflowing ... ok
test messages::tests::adjacent_reasoning_group_matches_full_indexed_and_click_bounds ... ok
test messages::tests::clipped_thought_hit_requires_generated_styles_and_painted_cells ... ok
test messages::tests::completed_exploration_is_grouped_in_full_and_visible_transcript ... ok
test messages::tests::empty_cleaned_reasoning_has_no_header_spacer_or_index_hit ... ok
test messages::tests::expanded_adjacent_reasoning_caps_each_body_without_losing_the_following_text ... ok
test messages::tests::expanded_exploration_keeps_header_and_shows_each_card_in_both_renderers ... ok
test messages::tests::expanded_group_header_and_body_use_separate_geometry_and_index ... ok
test messages::tests::exploration_does_not_hide_unresolved_failed_or_truncated_results ... ok
test messages::tests::exploration_remains_running_until_every_grouped_operation_finishes ... ok
test messages::tests::fenced_code_preserves_only_source_separator_on_word_wrap ... ok
test messages::tests::fixture_prose_wrap_paints_source_separator_in_full_and_indexed_rows ... ok
test messages::tests::footer_omits_unavailable_fields ... ok
test messages::tests::golden_assistant_footer_with_tokens_per_second_and_interrupt ... ok
test messages::tests::golden_assistant_markdown_with_syntax_colors ... ok
test messages::tests::golden_long_lines_wrap_without_loss ... ok
test messages::tests::golden_reasoning_running_and_completed ... ok
test messages::tests::golden_user_message_with_skill_and_file_chips ... ok
test messages::tests::grouped_hide_duration_title_and_open_body_match_session_group ... ok
test messages::tests::hidden_running_reasoning_keeps_adjacent_group_open_without_showing_a_redacted_step ... ok
test messages::tests::locale_helpers_match_upstream_formatting ... ok
test messages::tests::markdown_code_blocks_highlight_the_supported_subset ... ok
test messages::tests::markdown_subset_renders_and_falls_back ... ok
test messages::tests::model_switch_notice_uses_pinned_row_margin_padding_and_muted_text ... ok
test messages::tests::offscreen_expanded_reasoning_is_measured_once_per_cache_miss ... ok
test messages::tests::offscreen_markdown_group_keeps_exact_slices_and_click_after_table_and_fence ... ok
test messages::tests::reachable_reasoning_parts_keep_heights_across_frames_and_bounded_tabs ... ok
test messages::tests::reasoning_index_hits_only_clipped_painted_cells_at_scroll ... ok
test messages::tests::reasoning_title_matches_the_upstream_summary_rule ... ok
test messages::tests::retained_cache_index_counter_tracks_replacement_and_eviction ... ok
test messages::tests::strong_markdown_keeps_nested_tokens_bold_and_their_own_colors ... ok
test messages::tests::table_grid_columns_follow_pinned_full_width_sizing ... ok
test messages::tests::two_turn_footer_to_next_user_has_row_margin_and_inner_padding ... ok
test messages::tests::two_turn_indexed_windows_keep_boundary_and_wrapped_user_rows ... ok
test messages::tests::unicode_table_widths_agree_between_full_and_indexed_pages ... ok
test messages::tests::user_message_prefers_the_turns_pinned_agent_color ... ok
test messages::tests::v02_footer_uses_pinned_agent_slot_and_exact_status ... ok
test messages::tests::v06a_ansi_and_large_markdown_stay_bounded ... ok
test messages::tests::v06a_blank_table_label_respects_escaped_and_inline_pipes ... ok
test messages::tests::v06a_blockquoted_150_row_table_preserves_parser_structure_and_scroll_count ... ok
test messages::tests::v06a_blockquoted_long_cell_continues_into_the_next_real_table_row ... ok
test messages::tests::v06a_bounded_history_counts_parts_without_retaining_all_wrapped_rows ... ok
test messages::tests::v06a_cached_parts_invalidate_only_dirty_revision_width_and_theme ... ok
test messages::tests::v06a_completed_single_long_line_remains_scrollable_past_decode_limit ... ok
test messages::tests::v06a_completed_synthetic_part_without_footer_can_reach_tail ... ok
test messages::tests::v06a_escaped_pipe_label_does_not_drop_long_cell_continuations ... ok
test messages::tests::v06a_fenced_code_retains_intentional_blank_lines ... ok
test messages::tests::v06a_fenced_literal_table_at_page_boundary_remains_code ... ok
test messages::tests::v06a_fixture_viewport_preserves_interblock_spacing ... ok
test messages::tests::v06a_incomplete_streaming_blocks_reparse_only_the_dirty_part ... ok
test messages::tests::v06a_large_table_cell_scrolls_as_grid_through_its_real_tail ... ok
test messages::tests::v06a_long_list_item_continuation_is_hanging_indented ... ok
test messages::tests::v06a_long_open_fence_has_bounded_per_delta_parse_work ... ok
test messages::tests::v06a_long_table_crosses_page_boundaries_without_repeated_header_or_missing_rows ... ok
test messages::tests::v06a_long_table_with_wrapped_cells_stays_scrollable_at_both_widths ... ok
test messages::tests::v06a_narrow_table_wide_glyphs_never_displace_grid_borders ... ok
test messages::tests::v06a_ordered_list_and_blank_boundary_keep_context_and_row_count ... ok
test messages::tests::v06a_oversize_assistant_keeps_marker_footer_and_scrollable_content ... ok
test messages::tests::v06a_oversize_user_is_paged_without_dropping_the_tail ... ok
test messages::tests::v06a_oversized_grapheme_splitter_makes_progress ... ok
test messages::tests::v06a_paginated_fence_keeps_code_styling_on_later_pages ... ok
test messages::tests::v06a_provider_controls_are_inert_outside_markdown ... ok
test messages::tests::v06a_table_fixture_escaped_pipes_unicode_and_bounded_wrap ... ok
test messages::tests::v06a_table_offscreen_wide_label_does_not_change_earlier_column_width ... ok
test messages::tests::v06a_table_over_512_rendered_rows_keeps_the_real_tail ... ok
test messages::tests::v06a_visible_page_only_parse_stays_cached_across_241_and_10000_parts_and_resize ... ok
test messages::tests::vis10_indexed_user_targets_track_wrapped_pages_and_exclude_margins ... ok
test messages::tests::vis10_user_hover_preserves_agent_border_and_chip_surfaces ... ok
test messages::tests::vis34_archive_paragraph_final_lf_has_one_footer_margin_full_cached_and_indexed ... ok
test messages::tests::vis38_off_long_user_wrap_keeps_continuity_across_preview_byte_boundaries ... ok
test messages::tests::vis38_summary_wrapper_keeps_source_separator_foreground_at_word_wrap ... ok
test patch_view::tests::vis35_actual_gutters_split_boundary_styles_and_syntax ... ok
test patch_view::tests::vis35_auto_uses_root_content_width_and_capture_gutter_roles ... ok
test patch_view::tests::vis35_configured_wrap_retains_gutters_and_cell_bounds ... ok
test patch_view::tests::vis35_fresh_capture_odd_split_and_header_gap_full_indexed ... ok
test patch_view::tests::vis35_full_indexed_replay_and_hover_keep_actual_effects ... ok
test patch_view::tests::vis35_multi_operation_move_delete_empty_truncation_and_failure ... ok
test patch_view::tests::vis36_rejected_patch_labels_requested_target_without_inventing_effects ... ok
test picker::tests::choose_roundtrips_through_the_stored_record ... ok
test picker::tests::modal_options_use_known_prices_and_declared_variants_only ... ok
test picker::tests::no_record_browses_and_foreign_records_are_ignored ... ok
test picker::tests::retired_model_is_actionable ... ok
test picker::tests::retired_variant_keeps_model_and_surfaces_note ... ok
test picker::tests::unknown_id_never_falls_back ... ok
test picker::tests::window_is_bounded ... ok
test question_view::tests::answered_question_metadata_obeys_the_existing_history_byte_budget ... ok
test question_view::tests::automatic_custom_single_then_esc_cancels_without_inventing_answer ... ok
test question_view::tests::composer_chip_cursor_and_permission_priority_are_preserved ... ok
test question_view::tests::multiple_requires_submit_and_error_remount_retains_exact_draft ... ok
test scanner::tests::bloom_trail_and_inactive_fade_composite_over_footer ... ok
test scanner::tests::pinned_sequence_and_directional_trail ... ok
test shell::tests::close_glyph_only_on_hovered_eligible_tab_and_title_fade_moves_left ... ok
test shell::tests::completed_footer_stays_one_row_and_clips_at_content_edge ... ok
test shell::tests::context_footer_uses_reported_generation_without_billing_missing_rounds ... ok
test shell::tests::copied_toast_clears_sidebar_title_under_raised_interior ... ok
test shell::tests::empty_narrow_home_footer_keeps_original_logo_and_prompt_rows ... ok
test shell::tests::footer_and_toast_use_theme_colors ... ok
test shell::tests::footer_clipping_preserves_styled_graphemes_and_cell_budget ... ok
test shell::tests::golden_interrupted_turn_footer ... ok
test shell::tests::golden_live_turn_with_reasoning_and_footer ... ok
test shell::tests::golden_screen_120x40 ... ok
test shell::tests::golden_screen_80x24 ... ok
test shell::tests::hard_wrapped_unicode_sidebar_title_has_no_separator_cell ... ok
test shell::tests::home_empty_prompt_shows_one_muted_example_and_preserves_caret ... ok
test shell::tests::home_hint_is_hidden_when_typing_and_session_has_no_hint ... ok
test shell::tests::home_hint_respects_actual_text_width_at_breakpoints ... ok
test shell::tests::home_version_slot_matches_pinned_width_and_height_breakpoints ... ok
test shell::tests::hyphenated_sidebar_title_wraps_like_paired_121x40_frame ... ok
test shell::tests::message_stream_sticks_to_the_bottom ... ok
test shell::tests::narrow_deck_overflow_and_two_digit_numbers_use_painted_rectangles ... ok
test shell::tests::no_selected_variant_has_no_metadata_label_or_overlay ... ok
test shell::tests::paired_wrapped_sidebar_title_styles_separator_not_final_tail ... ok
test shell::tests::prompt_box_glyphs_follow_the_padding_breakpoint ... ok
test shell::tests::prompt_metadata_candidates_and_grapheme_fallback ... ok
test shell::tests::prompt_metadata_fits_the_painted_row_at_43_44_and_120 ... ok
test shell::tests::prompt_metadata_layout_gaps_keep_canvas_foreground ... ok
test shell::tests::prompt_metadata_uses_upstream_budget_not_only_painted_width ... ok
test shell::tests::resize_switches_layout_at_upstream_breakpoints ... ok
test shell::tests::restored_home_version_colors_only_its_glyphs ... ok
test shell::tests::restored_session_user_padding_and_empty_prompt_keep_canvas_foreground ... ok
test shell::tests::retained_add_colors_follow_real_pointer_and_eligibility ... ok
test shell::tests::retained_home_promotes_a_single_new_session_slot_and_consumes_a_row ... ok
test shell::tests::retained_strip_paints_real_tabs_busy_states_and_only_available_add ... ok
test shell::tests::root_canvas_blanks_have_upstream_truecolor_foreground ... ok
test shell::tests::scrolled_resize_keeps_top_row_and_draft_while_bottom_stays_pinned ... ok
test shell::tests::selected_session_tab_title_is_bold ... ok
test shell::tests::selected_tab_clips_whole_unicode_graphemes_at_cell_boundary ... ok
test shell::tests::selected_tab_fades_only_the_last_four_visible_overflow_graphemes ... ok
test shell::tests::selected_tab_indicator_tracks_busy_turn_and_explicit_numbers ... ok
test shell::tests::selected_tab_short_and_exact_titles_stay_bright_and_padding_stays_blank ... ok
test shell::tests::short_home_shrinks_the_top_spacer_before_clipping_the_prompt ... ok
test shell::tests::sidebar_padding_keeps_canvas_foreground_while_labels_are_styled ... ok
test shell::tests::single_tab_render_uses_layout_without_an_inert_add_control ... ok
test shell::tests::slash_clips_description_and_wide_label_at_grapheme_boundaries ... ok
test shell::tests::slash_descriptions_align_to_full_inventory_on_home_and_session ... ok
test shell::tests::slash_label_and_description_have_independent_foregrounds ... ok
test shell::tests::slash_overlay_erases_home_logo_before_painting_blank_option_cells ... ok
test shell::tests::toast_content_width_semantic_border_and_close ... ok
test shell::tests::toast_wrap_is_word_aware_and_lossless ... ok
test shell::tests::toast_wraps_long_note_inside_max_width ... ok
test shell::tests::v02_auto_marker_is_session_capability_not_agent_rules ... ok
test shell::tests::v03_paste_keeps_full_draft_behind_compact_prompt ... ok
test shell::tests::v03_rendered_row_scroll_and_chrome_conditions ... ok
test shell::tests::v03_sidebar_uses_dto_title_usage_and_styled_boundary ... ok
test shell::tests::v03_tall_viewport_and_short_top_placement ... ok
test shell::tests::vis11_modal_pending_composer_uses_existing_backdrop_and_restores_without_input ... ok
test shell::tests::vis11_pending_only_changes_composer_roles_and_restores_on_deadline ... ok
test shell::tests::vis25_inline_rows_on_home_and_session_and_after_tab ... ok
test shell::tests::vis26_file_rows_anchor_to_home_and_session_prompt ... ok
test shell::tests::vis28_footer_scanner_tracks_agent_and_stays_below_metadata ... ok
test shell::tests::vis28_narrow_running_footer_keeps_right_hints_and_dynamic_usage ... ok
test shell::tests::vis39_actual_compact_number_ignition_settles_without_a_hidden_pulse ... ok
test shell::tests::vis39_painted_permission_priority_number_mode_and_static_busy_fallback ... ok
test shell::tests::vis39_selected_animated_spinner_attributes_and_prefix_match_u47_fallback ... ok
test shell::tests::vis39_u48_styled_sweep_whitecaps_and_blend_order_preserve_title_attributes ... ok
test shell::tests::vis41_busy_hover_scrolls_without_close_and_vertical_compact_is_reachable ... ok
test shell::tests::vis41_marquee_uses_u59_cell_cursor_and_generated_separator_fixtures ... ok
test shell::tests::vis41_real_vertical_detail_uses_owner_location_fallback_without_synthetic_metadata ... ok
test shell::tests::vis41_styled_fades_use_grapheme_ordinals_and_only_dim_the_generated_dot ... ok
test shell_jobs_view::tests::tool13_open_viewer_and_kill_keep_original_child_identity_after_list_removal ... ok
test shell_jobs_view::tests::tool13_same_id_location_adoption_keeps_only_original_shell_capture ... ok
test smoke::tests::crossterm_event_kind_is_linked ... ok
test smoke::tests::smoke_frame_contains_pending ... ok
test styled::tests::code_wrap_keeps_source_separator_style_and_row_limit ... ok
test styled::tests::conversion_to_ratatui_matches_the_source_text ... ok
test styled::tests::exact_fit_word_stays_before_an_overflowing_source_separator ... ok
test styled::tests::lines_render_byte_identically_to_joined_strings ... ok
test styled::tests::selected_cells_use_source_style_and_preserve_unselected_spans ... ok
test styled::tests::selection_cells_snap_to_wide_graphemes_and_keep_wrapped_source ... ok
test styled::tests::source_space_wrap_only_paints_real_fitting_spaces_and_stays_bounded ... ok
test styled::tests::string_conversions_are_unstyled ... ok
test styled::tests::styled_spans_keep_their_style ... ok
test styled::tests::wrap_line_keeps_styles_and_splits_long_words ... ok
test theme::tests::agent_and_chip_roles_match_upstream ... ok
test theme::tests::alpha_is_composited_over_the_root_background ... ok
test theme::tests::every_role_accessor_is_resolved ... ok
test theme::tests::malformed_assets_fail_loudly ... ok
test theme::tests::palette_matches_vendored_asset ... ok
test theme::tests::refs_and_hue_aliases_resolve_like_upstream ... ok
test theme::tests::tint_and_hue_shifts_match_upstream ... ok
test tools::tests::cited_theme_roles_are_resolved ... ok
test tools::tests::golden_apply_patch_created_patched_deleted ... ok
test tools::tests::golden_edit_diff_card_colors ... ok
test tools::tests::golden_error_and_cancelled_cards ... ok
test tools::tests::golden_inline_tool_running_and_completed ... ok
test tools::tests::golden_shell_card_running_and_completed ... ok
test tools::tests::golden_subagent_card ... ok
test tools::tests::render_parsing_never_invents_fields ... ok
test tools::tests::shell_output_collapses_with_the_upstream_marker ... ok
test tools::tests::unknown_state_is_an_error_not_a_running_card ... ok
test tools::tests::v06b_partial_patch_shows_only_confirmed_hunks_and_unknown_is_not_success ... ok
test tools::tests::vis16_shell_expansion_hit_and_indexed_render_agree ... ok
test views::tests::dcp_panel_renders_snapshot_and_notice ... ok
test views::tests::model_is_overlay_with_focused_search ... ok
test views::tests::panels_render_bounded ... ok
test views::tests::render_is_bounded_with_unicode ... ok
test views::tests::rendered_frame_carries_theme_styles ... ok
test views::tests::status_text_uses_theme_colors ... ok
test views::tests::v06b_escaping_is_reversible_and_cell_wrapping_preserves_all_codepoints ... ok

test result: ok. 433 passed; 0 failed; 0 ignored; 0 measured; 0 filtered out; finished in 50.56s

