   Compiling oc-adapters v0.1.0 (/home/opencode/ai/oc/crates/oc-adapters)
error[E0365]: `Stream` is private, and cannot be re-exported
  --> crates/oc-adapters/src/shell/jobs.rs:11:16
   |
11 | pub(super) use output::Stream;
   |                ^^^^^^^^^^^^^^ re-export of private `Stream`
   |
   = note: consider declaring type or module `Stream` with `pub`

error[E0603]: enum import `Stream` is private
   --> crates/oc-adapters/src/shell.rs:342:39
    |
342 |             capture.map(|c| (c, jobs::Stream::Stdout)),
    |                                       ^^^^^^  ------ unit variant `Stdout` is not publicly re-exported
    |                                       |
    |                                       private enum import
    |
note: the enum import `Stream` is defined here...
   --> crates/oc-adapters/src/shell/jobs.rs:11:16
    |
 11 | pub(super) use output::Stream;
    |                ^^^^^^^^^^^^^^
note: ...and refers to the enum `Stream` which is defined here
   --> crates/oc-adapters/src/shell/jobs/output.rs:10:1
    |
 10 | pub(super) enum Stream {
    | ^^^^^^^^^^^^^^^^^^^^^^

error[E0603]: enum import `Stream` is private
   --> crates/oc-adapters/src/shell.rs:347:39
    |
347 |             capture.map(|c| (c, jobs::Stream::Stderr)),
    |                                       ^^^^^^  ------ unit variant `Stderr` is not publicly re-exported
    |                                       |
    |                                       private enum import
    |
note: the enum import `Stream` is defined here...
   --> crates/oc-adapters/src/shell/jobs.rs:11:16
    |
 11 | pub(super) use output::Stream;
    |                ^^^^^^^^^^^^^^
note: ...and refers to the enum `Stream` which is defined here
   --> crates/oc-adapters/src/shell/jobs/output.rs:10:1
    |
 10 | pub(super) enum Stream {
    | ^^^^^^^^^^^^^^^^^^^^^^

error[E0603]: enum import `Stream` is private
   --> crates/oc-adapters/src/shell.rs:613:41
    |
613 |     live: Option<(&jobs::Capture, jobs::Stream)>,
    |                                         ^^^^^^ private enum import
    |
note: the enum import `Stream` is defined here...
   --> crates/oc-adapters/src/shell/jobs.rs:11:16
    |
 11 | pub(super) use output::Stream;
    |                ^^^^^^^^^^^^^^
note: ...and refers to the enum `Stream` which is defined here
   --> crates/oc-adapters/src/shell/jobs/output.rs:10:1
    |
 10 | pub(super) enum Stream {
    | ^^^^^^^^^^^^^^^^^^^^^^

error[E0603]: enum import `Stream` is private
   --> crates/oc-adapters/src/shell.rs:618:19
    |
618 |             jobs::Stream::Stdout => capture.stdout.clone(),
    |                   ^^^^^^  ------ unit variant `Stdout` is not publicly re-exported
    |                   |
    |                   private enum import
    |
note: the enum import `Stream` is defined here...
   --> crates/oc-adapters/src/shell/jobs.rs:11:16
    |
 11 | pub(super) use output::Stream;
    |                ^^^^^^^^^^^^^^
note: ...and refers to the enum `Stream` which is defined here
   --> crates/oc-adapters/src/shell/jobs/output.rs:10:1
    |
 10 | pub(super) enum Stream {
    | ^^^^^^^^^^^^^^^^^^^^^^

error[E0603]: enum import `Stream` is private
   --> crates/oc-adapters/src/shell.rs:619:19
    |
619 |             jobs::Stream::Stderr => capture.stderr.clone(),
    |                   ^^^^^^  ------ unit variant `Stderr` is not publicly re-exported
    |                   |
    |                   private enum import
    |
note: the enum import `Stream` is defined here...
   --> crates/oc-adapters/src/shell/jobs.rs:11:16
    |
 11 | pub(super) use output::Stream;
    |                ^^^^^^^^^^^^^^
note: ...and refers to the enum `Stream` which is defined here
   --> crates/oc-adapters/src/shell/jobs/output.rs:10:1
    |
 10 | pub(super) enum Stream {
    | ^^^^^^^^^^^^^^^^^^^^^^

warning: variable does not need to be mutable
   --> crates/oc-adapters/src/storage_tool_output.rs:581:26
    |
581 |     pub(crate) fn finish(mut self, producer_limited: bool) -> Result<Resource, StorageError> {
    |                          ----^^^^
    |                          |
    |                          help: remove this `mut`
    |
    = note: `#[warn(unused_mut)]` (part of `#[warn(unused)]`) on by default

Some errors have detailed explanations: E0365, E0603.
For more information about an error, try `rustc --explain E0365`.
warning: `oc-adapters` (lib test) generated 1 warning
error: could not compile `oc-adapters` (lib test) due to 6 previous errors; 1 warning emitted
