COMMAND ["cargo", "build", "--release", "--locked"]
   Compiling siphasher v1.0.3
   Compiling rand_core v0.6.4
   Compiling phf_shared v0.11.3
   Compiling rand v0.8.6
   Compiling new_debug_unreachable v1.0.6
   Compiling precomputed-hash v0.1.1
   Compiling mac v0.1.1
   Compiling futf v0.1.5
   Compiling string_cache v0.8.9
   Compiling phf v0.11.3
   Compiling phf_generator v0.11.3
   Compiling utf-8 v0.7.6
   Compiling match_token v0.35.0
   Compiling string_cache_codegen v0.5.4
   Compiling phf_codegen v0.11.3
   Compiling tendril v0.4.3
   Compiling web_atoms v0.1.3
   Compiling markup5ever v0.35.0
   Compiling html5ever v0.35.0
   Compiling oc-adapters v0.1.0 (/home/opencode/ai/oc/crates/oc-adapters)
   Compiling oc-tui v0.1.0 (/home/opencode/ai/oc/crates/oc-tui)
   Compiling oc v0.1.0 (/home/opencode/ai/oc/crates/oc)
    Finished `release` profile [optimized] target(s) in 2m 09s

RECORDER {"command": ["cargo", "build", "--release", "--locked"], "exit": 0, "seconds": 129.87, "log": "/home/opencode/ai/oc/evidence/T50/webfetch-build-release20261001.log", "log_bytes": 850, "truncated": false, "summaries": 0, "passed": 0, "failed": 0, "ignored": 0}
